// Jest Snapshot v1, https://goo.gl/fbAQLP

exports[`Correctly renders the FavoritesPage component when isLoggedIn and isFavoritesError properties are equal true and isFavoritesLoading property is equal
        false 1`] = `
<div
  className="cities__status-wrapper tabs__content"
>
  <b
    className="cities__status"
  >
    We're sorry
  </b>
  <p
    className="cities__status-description"
  >
    It's been an error during the process of 
    loading of the list of favorite offers
    . Please, reload the page and try again
  </p>
</div>
`;

exports[`Correctly renders the FavoritesPage component when isLoggedIn and isFavoritesLoading properties are equal true and isFavoritesError property is equal
        false 1`] = `
<div
  className="spinner"
>
  <div
    className="spinnerContent"
  >
    <div />
    <div />
    <div />
    <div />
    <div />
    <div />
    <div />
    <div />
    <div />
    <div />
    <div />
    <div />
  </div>
</div>
`;

exports[`Correctly renders the FavoritesPage component when isLoggedIn property is equal false 1`] = `null`;

exports[`Correctly renders the FavoritesPage component when isLoggedIn property is equal true and both isFavoritesError and isFavoritesLoading properties are equal
        false 1`] = `
<div
  className="page"
>
  <header
    className="header"
  >
    <div
      className="container"
    >
      <div
        className="header__wrapper"
      >
        <div
          className="header__left"
        >
          <a
            className="header__logo-link"
            href="/"
            onClick={[Function]}
            title="To the main page"
          >
            <img
              alt="6 cities logo"
              className="header__logo"
              height="41"
              src="logo.svg"
              width="81"
            />
          </a>
        </div>
        <nav
          className="header__nav"
        >
          <ul
            className="header__nav-list"
          >
            <li
              className="header__nav-item user"
            >
              <a
                className="header__nav-link header__nav-link--profile"
                href="/login"
                onClick={[Function]}
                title="To the login page"
              >
                <div
                  className="header__avatar-wrapper user__avatar-wrapper"
                />
                <span
                  className="header__login"
                >
                  Sign in
                </span>
              </a>
            </li>
          </ul>
        </nav>
      </div>
    </div>
  </header>
  <main
    className="page__main page__main--favorites"
  >
    <div
      className="page__favorites-container container"
    >
      <section
        className="favorites"
      >
        <h1
          className="favorites__title"
        >
          Saved listing
        </h1>
        <ul
          className="favorites__list"
        >
          <li
            className="favorites__locations-items"
          >
            <div
              className="favorites__locations locations locations--current"
            >
              <div
                className="locations__item"
              >
                <a
                  className="locations__item-link"
                  href="#"
                >
                  <span>
                    Brussels
                  </span>
                </a>
              </div>
            </div>
            <div
              className="favorites__places"
            >
              <a
                href="/offer/2"
                onClick={[Function]}
                title="To the Perfectly located Castro offer page"
              >
                <article
                  className="place-card favorites__card"
                  onMouseEnter={[Function]}
                  onMouseLeave={[Function]}
                >
                  <div
                    className="place-card__image-wrapper favorites__image-wrapper"
                  >
                    <img
                      alt="Place pic"
                      className="place-card__image"
                      height="110"
                      src="https://htmlacademy-react-3.appspot.com/six-cities/static/hotel/4.jpg"
                      width="150"
                    />
                  </div>
                  <div
                    className="place-card__info favorites__card-info"
                  >
                    <div
                      className="place-card__price-wrapper"
                    >
                      <div
                        className="place-card__price"
                      >
                        <b
                          className="place-card__price-value"
                        >
                          €
                          100
                        </b>
                        <span
                          className="place-card__price-text"
                        >
                          / night
                        </span>
                      </div>
                      <button
                        className="place-card__bookmark-button button place-card__bookmark-button--active"
                        title="In bookmarks"
                        type="button"
                      >
                        <svg
                          className="place-card__bookmark-icon"
                          height="19"
                          width="18"
                        >
                          <use
                            xlinkHref="#icon-bookmark"
                          />
                        </svg>
                        <span
                          className="visually-hidden"
                        >
                          In bookmarks
                        </span>
                      </button>
                    </div>
                    <div
                      className="place-card__rating rating"
                    >
                      <div
                        className="place-card__stars rating__stars"
                      >
                        <span
                          style={
                            Object {
                              "width": "100%",
                            }
                          }
                        />
                        <span
                          className="visually-hidden"
                        >
                          Rating
                        </span>
                      </div>
                    </div>
                    <h2
                      className="place-card__name"
                    >
                      Perfectly located Castro
                    </h2>
                    <p
                      className="place-card__type"
                    >
                      Room
                    </p>
                  </div>
                </article>
              </a>
            </div>
          </li>
          <li
            className="favorites__locations-items"
          >
            <div
              className="favorites__locations locations locations--current"
            >
              <div
                className="locations__item"
              >
                <a
                  className="locations__item-link"
                  href="#"
                >
                  <span>
                    Cologne
                  </span>
                </a>
              </div>
            </div>
            <div
              className="favorites__places"
            >
              <a
                href="/offer/1"
                onClick={[Function]}
                title="To the Beautiful luxurious apartment at great location offer page"
              >
                <article
                  className="place-card favorites__card"
                  onMouseEnter={[Function]}
                  onMouseLeave={[Function]}
                >
                  <div
                    className="place-card__mark"
                  >
                    <span>
                      Premium
                    </span>
                  </div>
                  <div
                    className="place-card__image-wrapper favorites__image-wrapper"
                  >
                    <img
                      alt="Place pic"
                      className="place-card__image"
                      height="110"
                      src="https://htmlacademy-react-3.appspot.com/six-cities/static/hotel/9.jpg"
                      width="150"
                    />
                  </div>
                  <div
                    className="place-card__info favorites__card-info"
                  >
                    <div
                      className="place-card__price-wrapper"
                    >
                      <div
                        className="place-card__price"
                      >
                        <b
                          className="place-card__price-value"
                        >
                          €
                          120
                        </b>
                        <span
                          className="place-card__price-text"
                        >
                          / night
                        </span>
                      </div>
                      <button
                        className="place-card__bookmark-button button"
                        title="To bookmarks"
                        type="button"
                      >
                        <svg
                          className="place-card__bookmark-icon"
                          height="19"
                          width="18"
                        >
                          <use
                            xlinkHref="#icon-bookmark"
                          />
                        </svg>
                        <span
                          className="visually-hidden"
                        >
                          Not in bookmarks
                        </span>
                      </button>
                    </div>
                    <div
                      className="place-card__rating rating"
                    >
                      <div
                        className="place-card__stars rating__stars"
                      >
                        <span
                          style={
                            Object {
                              "width": "80%",
                            }
                          }
                        />
                        <span
                          className="visually-hidden"
                        >
                          Rating
                        </span>
                      </div>
                    </div>
                    <h2
                      className="place-card__name"
                    >
                      Beautiful luxurious apartment at great location
                    </h2>
                    <p
                      className="place-card__type"
                    >
                      Apartment
                    </p>
                  </div>
                </article>
              </a>
            </div>
          </li>
          <li
            className="favorites__locations-items"
          >
            <div
              className="favorites__locations locations locations--current"
            >
              <div
                className="locations__item"
              >
                <a
                  className="locations__item-link"
                  href="#"
                >
                  <span>
                    Hamburg
                  </span>
                </a>
              </div>
            </div>
            <div
              className="favorites__places"
            >
              <a
                href="/offer/3"
                onClick={[Function]}
                title="To the Waterfront with extraordinary view offer page"
              >
                <article
                  className="place-card favorites__card"
                  onMouseEnter={[Function]}
                  onMouseLeave={[Function]}
                >
                  <div
                    className="place-card__mark"
                  >
                    <span>
                      Premium
                    </span>
                  </div>
                  <div
                    className="place-card__image-wrapper favorites__image-wrapper"
                  >
                    <img
                      alt="Place pic"
                      className="place-card__image"
                      height="110"
                      src="https://htmlacademy-react-3.appspot.com/six-cities/static/hotel/3.jpg"
                      width="150"
                    />
                  </div>
                  <div
                    className="place-card__info favorites__card-info"
                  >
                    <div
                      className="place-card__price-wrapper"
                    >
                      <div
                        className="place-card__price"
                      >
                        <b
                          className="place-card__price-value"
                        >
                          €
                          80
                        </b>
                        <span
                          className="place-card__price-text"
                        >
                          / night
                        </span>
                      </div>
                      <button
                        className="place-card__bookmark-button button place-card__bookmark-button--active"
                        title="In bookmarks"
                        type="button"
                      >
                        <svg
                          className="place-card__bookmark-icon"
                          height="19"
                          width="18"
                        >
                          <use
                            xlinkHref="#icon-bookmark"
                          />
                        </svg>
                        <span
                          className="visually-hidden"
                        >
                          In bookmarks
                        </span>
                      </button>
                    </div>
                    <div
                      className="place-card__rating rating"
                    >
                      <div
                        className="place-card__stars rating__stars"
                      >
                        <span
                          style={
                            Object {
                              "width": "60%",
                            }
                          }
                        />
                        <span
                          className="visually-hidden"
                        >
                          Rating
                        </span>
                      </div>
                    </div>
                    <h2
                      className="place-card__name"
                    >
                      Waterfront with extraordinary view
                    </h2>
                    <p
                      className="place-card__type"
                    >
                      Hotel
                    </p>
                  </div>
                </article>
              </a>
            </div>
          </li>
        </ul>
      </section>
    </div>
  </main>
  <footer
    className="footer"
  >
    <a
      className="footer__logo-link"
      href="/"
      onClick={[Function]}
      title="To the main page"
    >
      <img
        alt="6 cities logo"
        className="footer__logo"
        height="33"
        src="logo.svg"
        width="64"
      />
    </a>
  </footer>
</div>
`;
