// Jest Snapshot v1, https://goo.gl/fbAQLP

exports[`Correctly renders the LoginPage component  when isAuthError property is equal true and both isLoggedIn and isAuthLoading properties are equal
        false 1`] = `
<div
  className="cities__status-wrapper tabs__content"
>
  <b
    className="cities__status"
  >
    We're sorry
  </b>
  <p
    className="cities__status-description"
  >
    It's been an error during the process of 
    user's authorization
    . Please, reload the page and try again
  </p>
</div>
`;

exports[`Correctly renders the LoginPage component  when isAuthError, isLoggedIn and isAuthLoading properties are equal false 1`] = `
<div
  className="page page--gray page--login"
>
  <header
    className="header"
  >
    <div
      className="container"
    >
      <div
        className="header__wrapper"
      >
        <div
          className="header__left"
        >
          <a
            className="header__logo-link"
            href="/"
            onClick={[Function]}
            title="To the main page"
          >
            <img
              alt="6 cities logo"
              className="header__logo"
              height="41"
              src="logo.svg"
              width="81"
            />
          </a>
        </div>
        <nav
          className="header__nav"
        >
          <ul
            className="header__nav-list"
          >
            <li
              className="header__nav-item user"
            >
              <a
                className="header__nav-link header__nav-link--profile"
                href="/login"
                onClick={[Function]}
                title="To the login page"
              >
                <div
                  className="header__avatar-wrapper user__avatar-wrapper"
                />
                <span
                  className="header__login"
                >
                  Sign in
                </span>
              </a>
            </li>
          </ul>
        </nav>
      </div>
    </div>
  </header>
  <main
    className="page__main page__main--login"
  >
    <div
      className="page__login-container container"
    >
      <section
        className="login"
      >
        <h1
          className="login__title"
        >
          Sign in
        </h1>
        <form
          action="#"
          className="login__form form"
          method="post"
          onSubmit={[Function]}
        >
          <div
            className="login__input-wrapper form__input-wrapper"
          >
            <label
              className="visually-hidden"
            >
              E-mail
            </label>
            <input
              className="login__input form__input"
              name="email"
              onChange={[Function]}
              placeholder="Email"
              required={true}
              type="email"
              value=""
            />
          </div>
          <div
            className="login__input-wrapper form__input-wrapper"
          >
            <label
              className="visually-hidden"
            >
              Password
            </label>
            <input
              className="login__input form__input"
              name="password"
              onChange={[Function]}
              placeholder="Password"
              required={true}
              type="password"
              value=""
            />
          </div>
          <button
            className="login__submit form__submit button"
            type="submit"
          >
            Sign in
          </button>
        </form>
      </section>
      <section
        className="locations locations--login locations--current"
      >
        <div
          className="locations__item"
        >
          <a
            className="locations__item-link"
            href="#"
          >
            <span>
              Amsterdam
            </span>
          </a>
        </div>
      </section>
    </div>
  </main>
</div>
`;

exports[`Correctly renders the LoginPage component  when isAuthLoading property is equal true and both isLoggedIn and isAuthError properties are equal
        false 1`] = `
<div
  className="spinner"
>
  <div
    className="spinnerContent"
  >
    <div />
    <div />
    <div />
    <div />
    <div />
    <div />
    <div />
    <div />
    <div />
    <div />
    <div />
    <div />
  </div>
</div>
`;

exports[`Correctly renders the LoginPage component  when isLoggedIn property is equal true 1`] = `null`;
